// Jest Snapshot v1, https://goo.gl/fbAQLP

exports[`demo1.vue renders correctly 1`] = `
<div
  class="container"
>
  <div
    class="layout column"
  >
    <div
      class="pa-4 my-0 mx-auto dropDown v-card v-sheet theme--light elevation-8"
      style="max-width: 650px;"
    >
      <form
        class="v-form text-xs-center"
        novalidate="novalidate"
      >
        <div
          class="layout row wrap justify-space-between"
        >
          <div
            class="flex xs12 sm5"
          >
            <div
              class="v-input v-text-field v-input--is-readonly theme--light"
            >
              <div
                class="v-input__prepend-outer"
              >
                <div
                  class="v-input__icon v-input__icon--prepend"
                >
                  <i
                    aria-hidden="true"
                    class="v-icon material-icons theme--light"
                  >
                    event
                  </i>
                </div>
              </div>
              <div
                class="v-input__control"
              >
                <div
                  class="v-input__slot"
                >
                  <div
                    class="v-text-field__slot"
                  >
                    <label
                      aria-hidden="true"
                      class="v-label theme--light"
                      style="left: 0px; position: absolute;"
                    >
                      от
                    </label>
                    <input
                      aria-label="от"
                      readonly="readonly"
                      required="required"
                      type="text"
                    />
                  </div>
                </div>
                <div
                  class="v-text-field__details"
                >
                  <div
                    class="v-messages theme--light"
                  >
                    <div
                      class="v-messages__wrapper"
                    />
                  </div>
                </div>
              </div>
            </div>
            <div
              class="v-menu"
            >
              <div
                class="v-menu__content theme--light "
                style="max-height: auto; min-width: 290px; max-width: 290px; top: 30px; left: 0px; transform-origin: top left; z-index: 0; display: none;"
              />
            </div>
          </div>
           
          <div
            class="flex xs12 sm5"
          >
            <div
              class="v-input v-text-field v-input--is-readonly theme--light"
            >
              <div
                class="v-input__prepend-outer"
              >
                <div
                  class="v-input__icon v-input__icon--prepend"
                >
                  <i
                    aria-hidden="true"
                    class="v-icon material-icons theme--light"
                  >
                    event
                  </i>
                </div>
              </div>
              <div
                class="v-input__control"
              >
                <div
                  class="v-input__slot"
                >
                  <div
                    class="v-text-field__slot"
                  >
                    <label
                      aria-hidden="true"
                      class="v-label theme--light"
                      style="left: 0px; position: absolute;"
                    >
                      до
                    </label>
                    <input
                      aria-label="до"
                      readonly="readonly"
                      required="required"
                      type="text"
                    />
                  </div>
                </div>
                <div
                  class="v-text-field__details"
                >
                  <div
                    class="v-messages theme--light"
                  >
                    <div
                      class="v-messages__wrapper"
                    />
                  </div>
                </div>
              </div>
            </div>
            <div
              class="v-menu"
            >
              <div
                class="v-menu__content theme--light "
                style="max-height: auto; min-width: 290px; max-width: 290px; top: 30px; left: 0px; transform-origin: top left; z-index: 0; display: none;"
              />
            </div>
          </div>
        </div>
         
        <div
          class="v-input v-input--selection-controls v-input--radio-group v-input--radio-group--column v-input--is-label-active v-input--is-dirty theme--light"
        >
          <div
            class="v-input__control"
          >
            <div
              class="v-input__slot"
              style="height: auto;"
            >
              <div
                class="v-input--radio-group__input"
                role="radiogroup"
              >
                <div
                  class="v-radio theme--light primary--text"
                >
                  <div
                    class="v-input--selection-controls__input"
                  >
                    <input
                      aria-checked="true"
                      aria-label="закупка у единственного поставщика"
                      name="v-radio-21"
                      role="radio"
                      type="radio"
                      value="singleProvider"
                    />
                    <div
                      class="v-input--selection-controls__ripple primary--text"
                    />
                    <i
                      aria-hidden="true"
                      class="v-icon material-icons theme--light primary--text"
                    >
                      radio_button_checked
                    </i>
                  </div>
                  <label
                    aria-hidden="true"
                    class="v-label theme--light"
                    style="left: 0px; position: relative;"
                  >
                    закупка у единственного поставщика
                  </label>
                </div>
                 
                <div
                  class="v-radio theme--light"
                >
                  <div
                    class="v-input--selection-controls__input"
                  >
                    <input
                      aria-checked="false"
                      aria-label="электронный аукцион"
                      name="v-radio-21"
                      role="radio"
                      type="radio"
                      value="eAuction"
                    />
                    <div
                      class="v-input--selection-controls__ripple"
                    />
                    <i
                      aria-hidden="true"
                      class="v-icon material-icons theme--light"
                    >
                      radio_button_unchecked
                    </i>
                  </div>
                  <label
                    aria-hidden="true"
                    class="v-label theme--light"
                    style="left: 0px; position: relative;"
                  >
                    электронный аукцион
                  </label>
                </div>
              </div>
            </div>
            <div
              class="v-messages theme--light"
            >
              <span
                class="v-messages__wrapper"
                name="message-transition"
                tag="div"
              />
            </div>
          </div>
        </div>
         
        <div
          class="v-input v-input--selection-controls v-input--switch theme--light"
        >
          <div
            class="v-input__control"
          >
            <div
              class="v-input__slot"
            >
              <div
                class="v-input--selection-controls__input"
              >
                <input
                  aria-checked="false"
                  aria-label="Взять из локального хранилища"
                  role="checkbox"
                  type="checkbox"
                  value=""
                />
                <div
                  class="v-input--selection-controls__ripple"
                />
                <div
                  class="v-input--switch__track theme--light"
                />
                <div
                  class="v-input--switch__thumb theme--light"
                >
                  <!---->
                </div>
              </div>
              <label
                aria-hidden="true"
                class="v-label theme--light"
                style="left: 0px; position: relative;"
              >
                Взять из локального хранилища
              </label>
            </div>
            <div
              class="v-messages theme--light"
            >
              <span
                class="v-messages__wrapper"
                name="message-transition"
                tag="div"
              />
            </div>
          </div>
        </div>
         
        <hr
          class="v-divider theme--light"
        />
         
        <button
          class="v-btn v-btn--flat theme--light primary--text"
          type="button"
        >
          <div
            class="v-btn__content"
          >
            
          сформировать
          
          </div>
        </button>
      </form>
    </div>
  </div>
</div>
`;
