// Jest Snapshot v1, https://goo.gl/fbAQLP

exports[`demo1 component renders correctly 1`] = `
<v-container-stub
  tag="div"
>
  <v-layout-stub
    column=""
    tag="div"
  >
    <v-card-stub
      class="pa-4 my-0 mx-auto dropDown"
      elevation="8"
      maxwidth="650"
      tag="div"
    >
      <v-form-stub
        class="text-xs-center"
        value="true"
      >
        <v-layout-stub
          justify-space-between=""
          row=""
          tag="div"
          wrap=""
        >
          <v-flex-stub
            sm5=""
            tag="div"
            xs12=""
          >
            <v-menu-stub
              closedelay="0"
              closeonclick="true"
              contentclass=""
              fullwidth="true"
              lazy="true"
              maxheight="auto"
              maxwidth="290px"
              minwidth="290px"
              nudgebottom="30"
              nudgeleft="0"
              nudgeright="0"
              nudgetop="0"
              nudgewidth="0"
              offsety="true"
              opendelay="0"
              openonclick="true"
              origin="top left"
              transition="scale-transition"
            >
               
              <v-date-picker-stub
                color="primary"
                eventcolor="warning"
                firstdayofweek="1"
                locale="ru-RU"
                max="2019-04-15"
                min="2014-01-01"
                nexticon="$vuetify.icons.next"
                notitle="true"
                previcon="$vuetify.icons.prev"
                scrollable="true"
                showcurrent="true"
                type="date"
                width="290"
              />
            </v-menu-stub>
          </v-flex-stub>
           
          <v-flex-stub
            sm5=""
            tag="div"
            xs12=""
          >
            <v-menu-stub
              closedelay="0"
              closeonclick="true"
              contentclass=""
              fullwidth="true"
              lazy="true"
              maxheight="auto"
              maxwidth="290px"
              minwidth="290px"
              nudgebottom="30"
              nudgeleft="0"
              nudgeright="0"
              nudgetop="0"
              nudgewidth="0"
              offsety="true"
              opendelay="0"
              openonclick="true"
              origin="top left"
              transition="scale-transition"
            >
               
              <v-date-picker-stub
                color="primary"
                eventcolor="warning"
                firstdayofweek="1"
                locale="ru-RU"
                max="2019-04-15"
                min="2014-01-01"
                nexticon="$vuetify.icons.next"
                notitle="true"
                previcon="$vuetify.icons.prev"
                scrollable="true"
                showcurrent="true"
                type="date"
                width="290"
              />
            </v-menu-stub>
          </v-flex-stub>
        </v-layout-stub>
         
        <v-radio-group-stub
          backgroundcolor=""
          column="true"
          errorcount="1"
          errormessages=""
          height="auto"
          mandatory="true"
          messages=""
          rules=""
          successmessages=""
          value="singleProvider"
          valuecomparator="function deepEqual(a, b) {
    if (a === b) return true;
    if (a instanceof Date && b instanceof Date) {
        // If the values are Date, they were convert to timestamp with getTime and compare it
        if (a.getTime() !== b.getTime()) return false;
    }
    if (a !== Object(a) || b !== Object(b)) {
        // If the values aren't objects, they were already checked for equality
        return false;
    }
    var props = Object.keys(a);
    if (props.length !== Object.keys(b).length) {
        // Different number of props, don't bother to check
        return false;
    }
    return props.every(function (p) {
        return deepEqual(a[p], b[p]);
    });
}"
        >
          <v-radio-stub
            color="primary"
            label="закупка у единственного поставщика"
            officon="$vuetify.icons.radioOff"
            onicon="$vuetify.icons.radioOn"
            ripple="true"
            value="singleProvider"
          />
           
          <v-radio-stub
            color="primary"
            label="электронный аукцион"
            officon="$vuetify.icons.radioOff"
            onicon="$vuetify.icons.radioOn"
            ripple="true"
            value="eAuction"
          />
        </v-radio-group-stub>
         
        <v-switch-stub
          backgroundcolor=""
          color="primary"
          errorcount="1"
          errormessages=""
          label="Взять из локального хранилища"
          messages=""
          ripple="true"
          rules=""
          successmessages=""
          valuecomparator="function deepEqual(a, b) {
    if (a === b) return true;
    if (a instanceof Date && b instanceof Date) {
        // If the values are Date, they were convert to timestamp with getTime and compare it
        if (a.getTime() !== b.getTime()) return false;
    }
    if (a !== Object(a) || b !== Object(b)) {
        // If the values aren't objects, they were already checked for equality
        return false;
    }
    var props = Object.keys(a);
    if (props.length !== Object.keys(b).length) {
        // Different number of props, don't bother to check
        return false;
    }
    return props.every(function (p) {
        return deepEqual(a[p], b[p]);
    });
}"
        />
         
        <v-divider-stub />
         
        <v-btn-stub
          activeclass="v-btn--active"
          color="primary"
          flat="true"
          tag="button"
          type="button"
        >
          
          сформировать
          
        </v-btn-stub>
      </v-form-stub>
    </v-card-stub>
  </v-layout-stub>
</v-container-stub>
`;
